Archive member included to satisfy reference by file (symbol)

/home/max/workspace/hackBadge-locm3/libopencm3/lib/libopencm3_stm32f4.a(rcc.o)
                              main.o (rcc_clock_setup_hse_3v3)
/home/max/workspace/hackBadge-locm3/libopencm3/lib/libopencm3_stm32f4.a(gpio_common_all.o)
                              main.o (gpio_set)
/home/max/workspace/hackBadge-locm3/libopencm3/lib/libopencm3_stm32f4.a(gpio_common_f0234.o)
                              main.o (gpio_mode_setup)
/home/max/workspace/hackBadge-locm3/libopencm3/lib/libopencm3_stm32f4.a(flash_common_f234.o)
                              /home/max/workspace/hackBadge-locm3/libopencm3/lib/libopencm3_stm32f4.a(rcc.o) (flash_set_ws)
/home/max/workspace/hackBadge-locm3/libopencm3/lib/libopencm3_stm32f4.a(rcc_common_all.o)
                              main.o (rcc_periph_clock_enable)
/home/max/workspace/hackBadge-locm3/libopencm3/lib/libopencm3_stm32f4.a(vector.o)
                              (reset_handler)
/home/max/workspace/hackBadge-locm3/libopencm3/lib/libopencm3_stm32f4.a(pwr.o)
                              /home/max/workspace/hackBadge-locm3/libopencm3/lib/libopencm3_stm32f4.a(rcc.o) (pwr_set_vos_scale)

Discarded input sections

 .text          0x0000000000000000        0x0 main.o
 .data          0x0000000000000000        0x0 main.o
 .bss           0x0000000000000000        0x0 main.o
 .group         0x0000000000000000        0xc /home/max/workspace/hackBadge-locm3/libopencm3/lib/libopencm3_stm32f4.a(rcc.o)
 .group         0x0000000000000000        0xc /home/max/workspace/hackBadge-locm3/libopencm3/lib/libopencm3_stm32f4.a(rcc.o)
 .group         0x0000000000000000        0xc /home/max/workspace/hackBadge-locm3/libopencm3/lib/libopencm3_stm32f4.a(rcc.o)
 .group         0x0000000000000000        0xc /home/max/workspace/hackBadge-locm3/libopencm3/lib/libopencm3_stm32f4.a(rcc.o)
 .group         0x0000000000000000        0xc /home/max/workspace/hackBadge-locm3/libopencm3/lib/libopencm3_stm32f4.a(rcc.o)
 .group         0x0000000000000000        0xc /home/max/workspace/hackBadge-locm3/libopencm3/lib/libopencm3_stm32f4.a(rcc.o)
 .group         0x0000000000000000        0xc /home/max/workspace/hackBadge-locm3/libopencm3/lib/libopencm3_stm32f4.a(rcc.o)
 .group         0x0000000000000000        0xc /home/max/workspace/hackBadge-locm3/libopencm3/lib/libopencm3_stm32f4.a(rcc.o)
 .group         0x0000000000000000        0xc /home/max/workspace/hackBadge-locm3/libopencm3/lib/libopencm3_stm32f4.a(rcc.o)
 .group         0x0000000000000000        0xc /home/max/workspace/hackBadge-locm3/libopencm3/lib/libopencm3_stm32f4.a(rcc.o)
 .group         0x0000000000000000        0xc /home/max/workspace/hackBadge-locm3/libopencm3/lib/libopencm3_stm32f4.a(rcc.o)
 .group         0x0000000000000000        0xc /home/max/workspace/hackBadge-locm3/libopencm3/lib/libopencm3_stm32f4.a(rcc.o)
 .group         0x0000000000000000        0xc /home/max/workspace/hackBadge-locm3/libopencm3/lib/libopencm3_stm32f4.a(rcc.o)
 .group         0x0000000000000000        0xc /home/max/workspace/hackBadge-locm3/libopencm3/lib/libopencm3_stm32f4.a(rcc.o)
 .group         0x0000000000000000        0xc /home/max/workspace/hackBadge-locm3/libopencm3/lib/libopencm3_stm32f4.a(rcc.o)
 .group         0x0000000000000000        0xc /home/max/workspace/hackBadge-locm3/libopencm3/lib/libopencm3_stm32f4.a(rcc.o)
 .group         0x0000000000000000        0xc /home/max/workspace/hackBadge-locm3/libopencm3/lib/libopencm3_stm32f4.a(rcc.o)
 .text          0x0000000000000000        0x0 /home/max/workspace/hackBadge-locm3/libopencm3/lib/libopencm3_stm32f4.a(rcc.o)
 .data          0x0000000000000000        0x0 /home/max/workspace/hackBadge-locm3/libopencm3/lib/libopencm3_stm32f4.a(rcc.o)
 .bss           0x0000000000000000        0x0 /home/max/workspace/hackBadge-locm3/libopencm3/lib/libopencm3_stm32f4.a(rcc.o)
 .text.rcc_osc_ready_int_clear
                0x0000000000000000       0x5c /home/max/workspace/hackBadge-locm3/libopencm3/lib/libopencm3_stm32f4.a(rcc.o)
 .text.rcc_osc_ready_int_enable
                0x0000000000000000       0x5c /home/max/workspace/hackBadge-locm3/libopencm3/lib/libopencm3_stm32f4.a(rcc.o)
 .text.rcc_osc_ready_int_disable
                0x0000000000000000       0x5c /home/max/workspace/hackBadge-locm3/libopencm3/lib/libopencm3_stm32f4.a(rcc.o)
 .text.rcc_osc_ready_int_flag
                0x0000000000000000       0x60 /home/max/workspace/hackBadge-locm3/libopencm3/lib/libopencm3_stm32f4.a(rcc.o)
 .text.rcc_css_int_clear
                0x0000000000000000       0x10 /home/max/workspace/hackBadge-locm3/libopencm3/lib/libopencm3_stm32f4.a(rcc.o)
 .text.rcc_css_int_flag
                0x0000000000000000       0x10 /home/max/workspace/hackBadge-locm3/libopencm3/lib/libopencm3_stm32f4.a(rcc.o)
 .text.rcc_wait_for_sysclk_status
                0x0000000000000000       0x38 /home/max/workspace/hackBadge-locm3/libopencm3/lib/libopencm3_stm32f4.a(rcc.o)
 .text.rcc_css_enable
                0x0000000000000000       0x10 /home/max/workspace/hackBadge-locm3/libopencm3/lib/libopencm3_stm32f4.a(rcc.o)
 .text.rcc_css_disable
                0x0000000000000000       0x10 /home/max/workspace/hackBadge-locm3/libopencm3/lib/libopencm3_stm32f4.a(rcc.o)
 .text.rcc_pllsai_config
                0x0000000000000000       0x2c /home/max/workspace/hackBadge-locm3/libopencm3/lib/libopencm3_stm32f4.a(rcc.o)
 .text.rcc_pllsai_postscalers
                0x0000000000000000       0x24 /home/max/workspace/hackBadge-locm3/libopencm3/lib/libopencm3_stm32f4.a(rcc.o)
 .text.rcc_set_pll_source
                0x0000000000000000       0x14 /home/max/workspace/hackBadge-locm3/libopencm3/lib/libopencm3_stm32f4.a(rcc.o)
 .text.rcc_set_rtcpre
                0x0000000000000000       0x14 /home/max/workspace/hackBadge-locm3/libopencm3/lib/libopencm3_stm32f4.a(rcc.o)
 .text.rcc_set_main_pll_hsi
                0x0000000000000000       0x44 /home/max/workspace/hackBadge-locm3/libopencm3/lib/libopencm3_stm32f4.a(rcc.o)
 .text.rcc_system_clock_source
                0x0000000000000000       0x10 /home/max/workspace/hackBadge-locm3/libopencm3/lib/libopencm3_stm32f4.a(rcc.o)
 .rodata.rcc_hse_12mhz_3v3
                0x0000000000000000       0x70 /home/max/workspace/hackBadge-locm3/libopencm3/lib/libopencm3_stm32f4.a(rcc.o)
 .rodata.rcc_hse_16mhz_3v3
                0x0000000000000000       0x70 /home/max/workspace/hackBadge-locm3/libopencm3/lib/libopencm3_stm32f4.a(rcc.o)
 .rodata.rcc_hse_8mhz_3v3
                0x0000000000000000       0x70 /home/max/workspace/hackBadge-locm3/libopencm3/lib/libopencm3_stm32f4.a(rcc.o)
 .group         0x0000000000000000        0xc /home/max/workspace/hackBadge-locm3/libopencm3/lib/libopencm3_stm32f4.a(gpio_common_all.o)
 .group         0x0000000000000000        0xc /home/max/workspace/hackBadge-locm3/libopencm3/lib/libopencm3_stm32f4.a(gpio_common_all.o)
 .group         0x0000000000000000        0xc /home/max/workspace/hackBadge-locm3/libopencm3/lib/libopencm3_stm32f4.a(gpio_common_all.o)
 .group         0x0000000000000000        0xc /home/max/workspace/hackBadge-locm3/libopencm3/lib/libopencm3_stm32f4.a(gpio_common_all.o)
 .group         0x0000000000000000        0xc /home/max/workspace/hackBadge-locm3/libopencm3/lib/libopencm3_stm32f4.a(gpio_common_all.o)
 .group         0x0000000000000000        0xc /home/max/workspace/hackBadge-locm3/libopencm3/lib/libopencm3_stm32f4.a(gpio_common_all.o)
 .group         0x0000000000000000        0xc /home/max/workspace/hackBadge-locm3/libopencm3/lib/libopencm3_stm32f4.a(gpio_common_all.o)
 .group         0x0000000000000000        0xc /home/max/workspace/hackBadge-locm3/libopencm3/lib/libopencm3_stm32f4.a(gpio_common_all.o)
 .group         0x0000000000000000        0xc /home/max/workspace/hackBadge-locm3/libopencm3/lib/libopencm3_stm32f4.a(gpio_common_all.o)
 .group         0x0000000000000000        0xc /home/max/workspace/hackBadge-locm3/libopencm3/lib/libopencm3_stm32f4.a(gpio_common_all.o)
 .group         0x0000000000000000        0xc /home/max/workspace/hackBadge-locm3/libopencm3/lib/libopencm3_stm32f4.a(gpio_common_all.o)
 .group         0x0000000000000000        0xc /home/max/workspace/hackBadge-locm3/libopencm3/lib/libopencm3_stm32f4.a(gpio_common_all.o)
 .group         0x0000000000000000        0xc /home/max/workspace/hackBadge-locm3/libopencm3/lib/libopencm3_stm32f4.a(gpio_common_all.o)
 .group         0x0000000000000000        0xc /home/max/workspace/hackBadge-locm3/libopencm3/lib/libopencm3_stm32f4.a(gpio_common_all.o)
 .text          0x0000000000000000        0x0 /home/max/workspace/hackBadge-locm3/libopencm3/lib/libopencm3_stm32f4.a(gpio_common_all.o)
 .data          0x0000000000000000        0x0 /home/max/workspace/hackBadge-locm3/libopencm3/lib/libopencm3_stm32f4.a(gpio_common_all.o)
 .bss           0x0000000000000000        0x0 /home/max/workspace/hackBadge-locm3/libopencm3/lib/libopencm3_stm32f4.a(gpio_common_all.o)
 .text.gpio_clear
                0x0000000000000000        0x6 /home/max/workspace/hackBadge-locm3/libopencm3/lib/libopencm3_stm32f4.a(gpio_common_all.o)
 .text.gpio_get
                0x0000000000000000        0x6 /home/max/workspace/hackBadge-locm3/libopencm3/lib/libopencm3_stm32f4.a(gpio_common_all.o)
 .text.gpio_port_read
                0x0000000000000000        0x6 /home/max/workspace/hackBadge-locm3/libopencm3/lib/libopencm3_stm32f4.a(gpio_common_all.o)
 .text.gpio_port_write
                0x0000000000000000        0x4 /home/max/workspace/hackBadge-locm3/libopencm3/lib/libopencm3_stm32f4.a(gpio_common_all.o)
 .text.gpio_port_config_lock
                0x0000000000000000       0x10 /home/max/workspace/hackBadge-locm3/libopencm3/lib/libopencm3_stm32f4.a(gpio_common_all.o)
 .debug_macro   0x0000000000000000      0xa4e /home/max/workspace/hackBadge-locm3/libopencm3/lib/libopencm3_stm32f4.a(gpio_common_all.o)
 .debug_macro   0x0000000000000000       0x22 /home/max/workspace/hackBadge-locm3/libopencm3/lib/libopencm3_stm32f4.a(gpio_common_all.o)
 .debug_macro   0x0000000000000000       0x4f /home/max/workspace/hackBadge-locm3/libopencm3/lib/libopencm3_stm32f4.a(gpio_common_all.o)
 .debug_macro   0x0000000000000000       0x51 /home/max/workspace/hackBadge-locm3/libopencm3/lib/libopencm3_stm32f4.a(gpio_common_all.o)
 .debug_macro   0x0000000000000000       0xef /home/max/workspace/hackBadge-locm3/libopencm3/lib/libopencm3_stm32f4.a(gpio_common_all.o)
 .debug_macro   0x0000000000000000       0x6a /home/max/workspace/hackBadge-locm3/libopencm3/lib/libopencm3_stm32f4.a(gpio_common_all.o)
 .debug_macro   0x0000000000000000      0x1df /home/max/workspace/hackBadge-locm3/libopencm3/lib/libopencm3_stm32f4.a(gpio_common_all.o)
 .debug_macro   0x0000000000000000       0x22 /home/max/workspace/hackBadge-locm3/libopencm3/lib/libopencm3_stm32f4.a(gpio_common_all.o)
 .debug_macro   0x0000000000000000       0xfa /home/max/workspace/hackBadge-locm3/libopencm3/lib/libopencm3_stm32f4.a(gpio_common_all.o)
 .debug_macro   0x0000000000000000       0x58 /home/max/workspace/hackBadge-locm3/libopencm3/lib/libopencm3_stm32f4.a(gpio_common_all.o)
 .debug_macro   0x0000000000000000      0x26d /home/max/workspace/hackBadge-locm3/libopencm3/lib/libopencm3_stm32f4.a(gpio_common_all.o)
 .group         0x0000000000000000        0xc /home/max/workspace/hackBadge-locm3/libopencm3/lib/libopencm3_stm32f4.a(gpio_common_f0234.o)
 .group         0x0000000000000000        0xc /home/max/workspace/hackBadge-locm3/libopencm3/lib/libopencm3_stm32f4.a(gpio_common_f0234.o)
 .group         0x0000000000000000        0xc /home/max/workspace/hackBadge-locm3/libopencm3/lib/libopencm3_stm32f4.a(gpio_common_f0234.o)
 .group         0x0000000000000000        0xc /home/max/workspace/hackBadge-locm3/libopencm3/lib/libopencm3_stm32f4.a(gpio_common_f0234.o)
 .group         0x0000000000000000        0xc /home/max/workspace/hackBadge-locm3/libopencm3/lib/libopencm3_stm32f4.a(gpio_common_f0234.o)
 .group         0x0000000000000000        0xc /home/max/workspace/hackBadge-locm3/libopencm3/lib/libopencm3_stm32f4.a(gpio_common_f0234.o)
 .group         0x0000000000000000        0xc /home/max/workspace/hackBadge-locm3/libopencm3/lib/libopencm3_stm32f4.a(gpio_common_f0234.o)
 .group         0x0000000000000000        0xc /home/max/workspace/hackBadge-locm3/libopencm3/lib/libopencm3_stm32f4.a(gpio_common_f0234.o)
 .group         0x0000000000000000        0xc /home/max/workspace/hackBadge-locm3/libopencm3/lib/libopencm3_stm32f4.a(gpio_common_f0234.o)
 .group         0x0000000000000000        0xc /home/max/workspace/hackBadge-locm3/libopencm3/lib/libopencm3_stm32f4.a(gpio_common_f0234.o)
 .group         0x0000000000000000        0xc /home/max/workspace/hackBadge-locm3/libopencm3/lib/libopencm3_stm32f4.a(gpio_common_f0234.o)
 .group         0x0000000000000000        0xc /home/max/workspace/hackBadge-locm3/libopencm3/lib/libopencm3_stm32f4.a(gpio_common_f0234.o)
 .group         0x0000000000000000        0xc /home/max/workspace/hackBadge-locm3/libopencm3/lib/libopencm3_stm32f4.a(gpio_common_f0234.o)
 .group         0x0000000000000000        0xc /home/max/workspace/hackBadge-locm3/libopencm3/lib/libopencm3_stm32f4.a(gpio_common_f0234.o)
 .text          0x0000000000000000        0x0 /home/max/workspace/hackBadge-locm3/libopencm3/lib/libopencm3_stm32f4.a(gpio_common_f0234.o)
 .data          0x0000000000000000        0x0 /home/max/workspace/hackBadge-locm3/libopencm3/lib/libopencm3_stm32f4.a(gpio_common_f0234.o)
 .bss           0x0000000000000000        0x0 /home/max/workspace/hackBadge-locm3/libopencm3/lib/libopencm3_stm32f4.a(gpio_common_f0234.o)
 .text.gpio_set_output_options
                0x0000000000000000       0x36 /home/max/workspace/hackBadge-locm3/libopencm3/lib/libopencm3_stm32f4.a(gpio_common_f0234.o)
 .text.gpio_set_af
                0x0000000000000000       0x58 /home/max/workspace/hackBadge-locm3/libopencm3/lib/libopencm3_stm32f4.a(gpio_common_f0234.o)
 .debug_macro   0x0000000000000000      0xa4e /home/max/workspace/hackBadge-locm3/libopencm3/lib/libopencm3_stm32f4.a(gpio_common_f0234.o)
 .debug_macro   0x0000000000000000       0x22 /home/max/workspace/hackBadge-locm3/libopencm3/lib/libopencm3_stm32f4.a(gpio_common_f0234.o)
 .debug_macro   0x0000000000000000       0x4f /home/max/workspace/hackBadge-locm3/libopencm3/lib/libopencm3_stm32f4.a(gpio_common_f0234.o)
 .debug_macro   0x0000000000000000       0x51 /home/max/workspace/hackBadge-locm3/libopencm3/lib/libopencm3_stm32f4.a(gpio_common_f0234.o)
 .debug_macro   0x0000000000000000       0xef /home/max/workspace/hackBadge-locm3/libopencm3/lib/libopencm3_stm32f4.a(gpio_common_f0234.o)
 .debug_macro   0x0000000000000000       0x6a /home/max/workspace/hackBadge-locm3/libopencm3/lib/libopencm3_stm32f4.a(gpio_common_f0234.o)
 .debug_macro   0x0000000000000000      0x1df /home/max/workspace/hackBadge-locm3/libopencm3/lib/libopencm3_stm32f4.a(gpio_common_f0234.o)
 .debug_macro   0x0000000000000000       0x22 /home/max/workspace/hackBadge-locm3/libopencm3/lib/libopencm3_stm32f4.a(gpio_common_f0234.o)
 .debug_macro   0x0000000000000000       0xfa /home/max/workspace/hackBadge-locm3/libopencm3/lib/libopencm3_stm32f4.a(gpio_common_f0234.o)
 .debug_macro   0x0000000000000000       0x58 /home/max/workspace/hackBadge-locm3/libopencm3/lib/libopencm3_stm32f4.a(gpio_common_f0234.o)
 .debug_macro   0x0000000000000000      0x26d /home/max/workspace/hackBadge-locm3/libopencm3/lib/libopencm3_stm32f4.a(gpio_common_f0234.o)
 .debug_macro   0x0000000000000000       0x76 /home/max/workspace/hackBadge-locm3/libopencm3/lib/libopencm3_stm32f4.a(gpio_common_f0234.o)
 .debug_macro   0x0000000000000000      0x2e6 /home/max/workspace/hackBadge-locm3/libopencm3/lib/libopencm3_stm32f4.a(gpio_common_f0234.o)
 .debug_macro   0x0000000000000000      0x14e /home/max/workspace/hackBadge-locm3/libopencm3/lib/libopencm3_stm32f4.a(gpio_common_f0234.o)
 .group         0x0000000000000000        0xc /home/max/workspace/hackBadge-locm3/libopencm3/lib/libopencm3_stm32f4.a(flash_common_f234.o)
 .group         0x0000000000000000        0xc /home/max/workspace/hackBadge-locm3/libopencm3/lib/libopencm3_stm32f4.a(flash_common_f234.o)
 .group         0x0000000000000000        0xc /home/max/workspace/hackBadge-locm3/libopencm3/lib/libopencm3_stm32f4.a(flash_common_f234.o)
 .group         0x0000000000000000        0xc /home/max/workspace/hackBadge-locm3/libopencm3/lib/libopencm3_stm32f4.a(flash_common_f234.o)
 .group         0x0000000000000000        0xc /home/max/workspace/hackBadge-locm3/libopencm3/lib/libopencm3_stm32f4.a(flash_common_f234.o)
 .group         0x0000000000000000        0xc /home/max/workspace/hackBadge-locm3/libopencm3/lib/libopencm3_stm32f4.a(flash_common_f234.o)
 .group         0x0000000000000000        0xc /home/max/workspace/hackBadge-locm3/libopencm3/lib/libopencm3_stm32f4.a(flash_common_f234.o)
 .group         0x0000000000000000        0xc /home/max/workspace/hackBadge-locm3/libopencm3/lib/libopencm3_stm32f4.a(flash_common_f234.o)
 .group         0x0000000000000000        0xc /home/max/workspace/hackBadge-locm3/libopencm3/lib/libopencm3_stm32f4.a(flash_common_f234.o)
 .group         0x0000000000000000        0xc /home/max/workspace/hackBadge-locm3/libopencm3/lib/libopencm3_stm32f4.a(flash_common_f234.o)
 .group         0x0000000000000000        0xc /home/max/workspace/hackBadge-locm3/libopencm3/lib/libopencm3_stm32f4.a(flash_common_f234.o)
 .group         0x0000000000000000        0xc /home/max/workspace/hackBadge-locm3/libopencm3/lib/libopencm3_stm32f4.a(flash_common_f234.o)
 .group         0x0000000000000000        0xc /home/max/workspace/hackBadge-locm3/libopencm3/lib/libopencm3_stm32f4.a(flash_common_f234.o)
 .text          0x0000000000000000        0x0 /home/max/workspace/hackBadge-locm3/libopencm3/lib/libopencm3_stm32f4.a(flash_common_f234.o)
 .data          0x0000000000000000        0x0 /home/max/workspace/hackBadge-locm3/libopencm3/lib/libopencm3_stm32f4.a(flash_common_f234.o)
 .bss           0x0000000000000000        0x0 /home/max/workspace/hackBadge-locm3/libopencm3/lib/libopencm3_stm32f4.a(flash_common_f234.o)
 .text.flash_unlock
                0x0000000000000000       0x24 /home/max/workspace/hackBadge-locm3/libopencm3/lib/libopencm3_stm32f4.a(flash_common_f234.o)
 .text.flash_lock
                0x0000000000000000       0x10 /home/max/workspace/hackBadge-locm3/libopencm3/lib/libopencm3_stm32f4.a(flash_common_f234.o)
 .text.flash_clear_pgperr_flag
                0x0000000000000000       0x10 /home/max/workspace/hackBadge-locm3/libopencm3/lib/libopencm3_stm32f4.a(flash_common_f234.o)
 .text.flash_clear_eop_flag
                0x0000000000000000       0x10 /home/max/workspace/hackBadge-locm3/libopencm3/lib/libopencm3_stm32f4.a(flash_common_f234.o)
 .text.flash_clear_bsy_flag
                0x0000000000000000       0x10 /home/max/workspace/hackBadge-locm3/libopencm3/lib/libopencm3_stm32f4.a(flash_common_f234.o)
 .text.flash_wait_for_last_operation
                0x0000000000000000       0x10 /home/max/workspace/hackBadge-locm3/libopencm3/lib/libopencm3_stm32f4.a(flash_common_f234.o)
 .debug_macro   0x0000000000000000      0xa4e /home/max/workspace/hackBadge-locm3/libopencm3/lib/libopencm3_stm32f4.a(flash_common_f234.o)
 .debug_macro   0x0000000000000000       0x22 /home/max/workspace/hackBadge-locm3/libopencm3/lib/libopencm3_stm32f4.a(flash_common_f234.o)
 .debug_macro   0x0000000000000000       0x4f /home/max/workspace/hackBadge-locm3/libopencm3/lib/libopencm3_stm32f4.a(flash_common_f234.o)
 .debug_macro   0x0000000000000000       0x51 /home/max/workspace/hackBadge-locm3/libopencm3/lib/libopencm3_stm32f4.a(flash_common_f234.o)
 .debug_macro   0x0000000000000000       0xef /home/max/workspace/hackBadge-locm3/libopencm3/lib/libopencm3_stm32f4.a(flash_common_f234.o)
 .debug_macro   0x0000000000000000       0x6a /home/max/workspace/hackBadge-locm3/libopencm3/lib/libopencm3_stm32f4.a(flash_common_f234.o)
 .debug_macro   0x0000000000000000      0x1df /home/max/workspace/hackBadge-locm3/libopencm3/lib/libopencm3_stm32f4.a(flash_common_f234.o)
 .debug_macro   0x0000000000000000       0x22 /home/max/workspace/hackBadge-locm3/libopencm3/lib/libopencm3_stm32f4.a(flash_common_f234.o)
 .debug_macro   0x0000000000000000       0xfa /home/max/workspace/hackBadge-locm3/libopencm3/lib/libopencm3_stm32f4.a(flash_common_f234.o)
 .debug_macro   0x0000000000000000       0x58 /home/max/workspace/hackBadge-locm3/libopencm3/lib/libopencm3_stm32f4.a(flash_common_f234.o)
 .debug_macro   0x0000000000000000      0x26d /home/max/workspace/hackBadge-locm3/libopencm3/lib/libopencm3_stm32f4.a(flash_common_f234.o)
 .debug_macro   0x0000000000000000       0x6a /home/max/workspace/hackBadge-locm3/libopencm3/lib/libopencm3_stm32f4.a(flash_common_f234.o)
 .debug_macro   0x0000000000000000       0xf4 /home/max/workspace/hackBadge-locm3/libopencm3/lib/libopencm3_stm32f4.a(flash_common_f234.o)
 .group         0x0000000000000000        0xc /home/max/workspace/hackBadge-locm3/libopencm3/lib/libopencm3_stm32f4.a(rcc_common_all.o)
 .group         0x0000000000000000        0xc /home/max/workspace/hackBadge-locm3/libopencm3/lib/libopencm3_stm32f4.a(rcc_common_all.o)
 .group         0x0000000000000000        0xc /home/max/workspace/hackBadge-locm3/libopencm3/lib/libopencm3_stm32f4.a(rcc_common_all.o)
 .group         0x0000000000000000        0xc /home/max/workspace/hackBadge-locm3/libopencm3/lib/libopencm3_stm32f4.a(rcc_common_all.o)
 .group         0x0000000000000000        0xc /home/max/workspace/hackBadge-locm3/libopencm3/lib/libopencm3_stm32f4.a(rcc_common_all.o)
 .group         0x0000000000000000        0xc /home/max/workspace/hackBadge-locm3/libopencm3/lib/libopencm3_stm32f4.a(rcc_common_all.o)
 .group         0x0000000000000000        0xc /home/max/workspace/hackBadge-locm3/libopencm3/lib/libopencm3_stm32f4.a(rcc_common_all.o)
 .group         0x0000000000000000        0xc /home/max/workspace/hackBadge-locm3/libopencm3/lib/libopencm3_stm32f4.a(rcc_common_all.o)
 .group         0x0000000000000000        0xc /home/max/workspace/hackBadge-locm3/libopencm3/lib/libopencm3_stm32f4.a(rcc_common_all.o)
 .group         0x0000000000000000        0xc /home/max/workspace/hackBadge-locm3/libopencm3/lib/libopencm3_stm32f4.a(rcc_common_all.o)
 .group         0x0000000000000000        0xc /home/max/workspace/hackBadge-locm3/libopencm3/lib/libopencm3_stm32f4.a(rcc_common_all.o)
 .group         0x0000000000000000        0xc /home/max/workspace/hackBadge-locm3/libopencm3/lib/libopencm3_stm32f4.a(rcc_common_all.o)
 .text          0x0000000000000000        0x0 /home/max/workspace/hackBadge-locm3/libopencm3/lib/libopencm3_stm32f4.a(rcc_common_all.o)
 .data          0x0000000000000000        0x0 /home/max/workspace/hackBadge-locm3/libopencm3/lib/libopencm3_stm32f4.a(rcc_common_all.o)
 .bss           0x0000000000000000        0x0 /home/max/workspace/hackBadge-locm3/libopencm3/lib/libopencm3_stm32f4.a(rcc_common_all.o)
 .text.rcc_peripheral_enable_clock
                0x0000000000000000        0x8 /home/max/workspace/hackBadge-locm3/libopencm3/lib/libopencm3_stm32f4.a(rcc_common_all.o)
 .text.rcc_peripheral_disable_clock
                0x0000000000000000        0xa /home/max/workspace/hackBadge-locm3/libopencm3/lib/libopencm3_stm32f4.a(rcc_common_all.o)
 .text.rcc_peripheral_reset
                0x0000000000000000        0x8 /home/max/workspace/hackBadge-locm3/libopencm3/lib/libopencm3_stm32f4.a(rcc_common_all.o)
 .text.rcc_peripheral_clear_reset
                0x0000000000000000        0xa /home/max/workspace/hackBadge-locm3/libopencm3/lib/libopencm3_stm32f4.a(rcc_common_all.o)
 .text.rcc_periph_clock_disable
                0x0000000000000000       0x1e /home/max/workspace/hackBadge-locm3/libopencm3/lib/libopencm3_stm32f4.a(rcc_common_all.o)
 .text.rcc_periph_reset_pulse
                0x0000000000000000       0x22 /home/max/workspace/hackBadge-locm3/libopencm3/lib/libopencm3_stm32f4.a(rcc_common_all.o)
 .text.rcc_periph_reset_hold
                0x0000000000000000       0x1a /home/max/workspace/hackBadge-locm3/libopencm3/lib/libopencm3_stm32f4.a(rcc_common_all.o)
 .text.rcc_periph_reset_release
                0x0000000000000000       0x1e /home/max/workspace/hackBadge-locm3/libopencm3/lib/libopencm3_stm32f4.a(rcc_common_all.o)
 .text.rcc_set_mco
                0x0000000000000000       0x14 /home/max/workspace/hackBadge-locm3/libopencm3/lib/libopencm3_stm32f4.a(rcc_common_all.o)
 .text.rcc_osc_bypass_enable
                0x0000000000000000       0x28 /home/max/workspace/hackBadge-locm3/libopencm3/lib/libopencm3_stm32f4.a(rcc_common_all.o)
 .text.rcc_osc_bypass_disable
                0x0000000000000000       0x28 /home/max/workspace/hackBadge-locm3/libopencm3/lib/libopencm3_stm32f4.a(rcc_common_all.o)
 .debug_macro   0x0000000000000000      0xa4e /home/max/workspace/hackBadge-locm3/libopencm3/lib/libopencm3_stm32f4.a(rcc_common_all.o)
 .debug_macro   0x0000000000000000       0x22 /home/max/workspace/hackBadge-locm3/libopencm3/lib/libopencm3_stm32f4.a(rcc_common_all.o)
 .debug_macro   0x0000000000000000       0x4f /home/max/workspace/hackBadge-locm3/libopencm3/lib/libopencm3_stm32f4.a(rcc_common_all.o)
 .debug_macro   0x0000000000000000       0x51 /home/max/workspace/hackBadge-locm3/libopencm3/lib/libopencm3_stm32f4.a(rcc_common_all.o)
 .debug_macro   0x0000000000000000       0xef /home/max/workspace/hackBadge-locm3/libopencm3/lib/libopencm3_stm32f4.a(rcc_common_all.o)
 .debug_macro   0x0000000000000000       0x6a /home/max/workspace/hackBadge-locm3/libopencm3/lib/libopencm3_stm32f4.a(rcc_common_all.o)
 .debug_macro   0x0000000000000000      0x1df /home/max/workspace/hackBadge-locm3/libopencm3/lib/libopencm3_stm32f4.a(rcc_common_all.o)
 .debug_macro   0x0000000000000000       0x22 /home/max/workspace/hackBadge-locm3/libopencm3/lib/libopencm3_stm32f4.a(rcc_common_all.o)
 .debug_macro   0x0000000000000000       0xfa /home/max/workspace/hackBadge-locm3/libopencm3/lib/libopencm3_stm32f4.a(rcc_common_all.o)
 .debug_macro   0x0000000000000000       0x58 /home/max/workspace/hackBadge-locm3/libopencm3/lib/libopencm3_stm32f4.a(rcc_common_all.o)
 .debug_macro   0x0000000000000000      0x26d /home/max/workspace/hackBadge-locm3/libopencm3/lib/libopencm3_stm32f4.a(rcc_common_all.o)
 .debug_macro   0x0000000000000000      0xb97 /home/max/workspace/hackBadge-locm3/libopencm3/lib/libopencm3_stm32f4.a(rcc_common_all.o)
 .group         0x0000000000000000        0xc /home/max/workspace/hackBadge-locm3/libopencm3/lib/libopencm3_stm32f4.a(vector.o)
 .group         0x0000000000000000        0xc /home/max/workspace/hackBadge-locm3/libopencm3/lib/libopencm3_stm32f4.a(vector.o)
 .group         0x0000000000000000        0xc /home/max/workspace/hackBadge-locm3/libopencm3/lib/libopencm3_stm32f4.a(vector.o)
 .group         0x0000000000000000        0xc /home/max/workspace/hackBadge-locm3/libopencm3/lib/libopencm3_stm32f4.a(vector.o)
 .group         0x0000000000000000        0xc /home/max/workspace/hackBadge-locm3/libopencm3/lib/libopencm3_stm32f4.a(vector.o)
 .group         0x0000000000000000        0xc /home/max/workspace/hackBadge-locm3/libopencm3/lib/libopencm3_stm32f4.a(vector.o)
 .group         0x0000000000000000        0xc /home/max/workspace/hackBadge-locm3/libopencm3/lib/libopencm3_stm32f4.a(vector.o)
 .group         0x0000000000000000        0xc /home/max/workspace/hackBadge-locm3/libopencm3/lib/libopencm3_stm32f4.a(vector.o)
 .group         0x0000000000000000        0xc /home/max/workspace/hackBadge-locm3/libopencm3/lib/libopencm3_stm32f4.a(vector.o)
 .group         0x0000000000000000        0xc /home/max/workspace/hackBadge-locm3/libopencm3/lib/libopencm3_stm32f4.a(vector.o)
 .group         0x0000000000000000        0xc /home/max/workspace/hackBadge-locm3/libopencm3/lib/libopencm3_stm32f4.a(vector.o)
 .group         0x0000000000000000        0xc /home/max/workspace/hackBadge-locm3/libopencm3/lib/libopencm3_stm32f4.a(vector.o)
 .group         0x0000000000000000        0xc /home/max/workspace/hackBadge-locm3/libopencm3/lib/libopencm3_stm32f4.a(vector.o)
 .text          0x0000000000000000        0x0 /home/max/workspace/hackBadge-locm3/libopencm3/lib/libopencm3_stm32f4.a(vector.o)
 .data          0x0000000000000000        0x0 /home/max/workspace/hackBadge-locm3/libopencm3/lib/libopencm3_stm32f4.a(vector.o)
 .bss           0x0000000000000000        0x0 /home/max/workspace/hackBadge-locm3/libopencm3/lib/libopencm3_stm32f4.a(vector.o)
 .debug_macro   0x0000000000000000      0xa4e /home/max/workspace/hackBadge-locm3/libopencm3/lib/libopencm3_stm32f4.a(vector.o)
 .debug_macro   0x0000000000000000       0x58 /home/max/workspace/hackBadge-locm3/libopencm3/lib/libopencm3_stm32f4.a(vector.o)
 .debug_macro   0x0000000000000000       0x22 /home/max/workspace/hackBadge-locm3/libopencm3/lib/libopencm3_stm32f4.a(vector.o)
 .debug_macro   0x0000000000000000       0x4f /home/max/workspace/hackBadge-locm3/libopencm3/lib/libopencm3_stm32f4.a(vector.o)
 .debug_macro   0x0000000000000000       0x51 /home/max/workspace/hackBadge-locm3/libopencm3/lib/libopencm3_stm32f4.a(vector.o)
 .debug_macro   0x0000000000000000       0xef /home/max/workspace/hackBadge-locm3/libopencm3/lib/libopencm3_stm32f4.a(vector.o)
 .debug_macro   0x0000000000000000       0x6a /home/max/workspace/hackBadge-locm3/libopencm3/lib/libopencm3_stm32f4.a(vector.o)
 .debug_macro   0x0000000000000000      0x1df /home/max/workspace/hackBadge-locm3/libopencm3/lib/libopencm3_stm32f4.a(vector.o)
 .debug_macro   0x0000000000000000       0x22 /home/max/workspace/hackBadge-locm3/libopencm3/lib/libopencm3_stm32f4.a(vector.o)
 .debug_macro   0x0000000000000000       0xfa /home/max/workspace/hackBadge-locm3/libopencm3/lib/libopencm3_stm32f4.a(vector.o)
 .group         0x0000000000000000        0xc /home/max/workspace/hackBadge-locm3/libopencm3/lib/libopencm3_stm32f4.a(pwr.o)
 .group         0x0000000000000000        0xc /home/max/workspace/hackBadge-locm3/libopencm3/lib/libopencm3_stm32f4.a(pwr.o)
 .group         0x0000000000000000        0xc /home/max/workspace/hackBadge-locm3/libopencm3/lib/libopencm3_stm32f4.a(pwr.o)
 .group         0x0000000000000000        0xc /home/max/workspace/hackBadge-locm3/libopencm3/lib/libopencm3_stm32f4.a(pwr.o)
 .group         0x0000000000000000        0xc /home/max/workspace/hackBadge-locm3/libopencm3/lib/libopencm3_stm32f4.a(pwr.o)
 .group         0x0000000000000000        0xc /home/max/workspace/hackBadge-locm3/libopencm3/lib/libopencm3_stm32f4.a(pwr.o)
 .group         0x0000000000000000        0xc /home/max/workspace/hackBadge-locm3/libopencm3/lib/libopencm3_stm32f4.a(pwr.o)
 .group         0x0000000000000000        0xc /home/max/workspace/hackBadge-locm3/libopencm3/lib/libopencm3_stm32f4.a(pwr.o)
 .group         0x0000000000000000        0xc /home/max/workspace/hackBadge-locm3/libopencm3/lib/libopencm3_stm32f4.a(pwr.o)
 .group         0x0000000000000000        0xc /home/max/workspace/hackBadge-locm3/libopencm3/lib/libopencm3_stm32f4.a(pwr.o)
 .group         0x0000000000000000        0xc /home/max/workspace/hackBadge-locm3/libopencm3/lib/libopencm3_stm32f4.a(pwr.o)
 .group         0x0000000000000000        0xc /home/max/workspace/hackBadge-locm3/libopencm3/lib/libopencm3_stm32f4.a(pwr.o)
 .group         0x0000000000000000        0xc /home/max/workspace/hackBadge-locm3/libopencm3/lib/libopencm3_stm32f4.a(pwr.o)
 .text          0x0000000000000000        0x0 /home/max/workspace/hackBadge-locm3/libopencm3/lib/libopencm3_stm32f4.a(pwr.o)
 .data          0x0000000000000000        0x0 /home/max/workspace/hackBadge-locm3/libopencm3/lib/libopencm3_stm32f4.a(pwr.o)
 .bss           0x0000000000000000        0x0 /home/max/workspace/hackBadge-locm3/libopencm3/lib/libopencm3_stm32f4.a(pwr.o)
 .debug_macro   0x0000000000000000      0xa4e /home/max/workspace/hackBadge-locm3/libopencm3/lib/libopencm3_stm32f4.a(pwr.o)
 .debug_macro   0x0000000000000000       0x22 /home/max/workspace/hackBadge-locm3/libopencm3/lib/libopencm3_stm32f4.a(pwr.o)
 .debug_macro   0x0000000000000000       0x4f /home/max/workspace/hackBadge-locm3/libopencm3/lib/libopencm3_stm32f4.a(pwr.o)
 .debug_macro   0x0000000000000000       0x51 /home/max/workspace/hackBadge-locm3/libopencm3/lib/libopencm3_stm32f4.a(pwr.o)
 .debug_macro   0x0000000000000000       0xef /home/max/workspace/hackBadge-locm3/libopencm3/lib/libopencm3_stm32f4.a(pwr.o)
 .debug_macro   0x0000000000000000       0x6a /home/max/workspace/hackBadge-locm3/libopencm3/lib/libopencm3_stm32f4.a(pwr.o)
 .debug_macro   0x0000000000000000      0x1df /home/max/workspace/hackBadge-locm3/libopencm3/lib/libopencm3_stm32f4.a(pwr.o)
 .debug_macro   0x0000000000000000       0x22 /home/max/workspace/hackBadge-locm3/libopencm3/lib/libopencm3_stm32f4.a(pwr.o)
 .debug_macro   0x0000000000000000       0xfa /home/max/workspace/hackBadge-locm3/libopencm3/lib/libopencm3_stm32f4.a(pwr.o)
 .debug_macro   0x0000000000000000       0x58 /home/max/workspace/hackBadge-locm3/libopencm3/lib/libopencm3_stm32f4.a(pwr.o)
 .debug_macro   0x0000000000000000      0x26d /home/max/workspace/hackBadge-locm3/libopencm3/lib/libopencm3_stm32f4.a(pwr.o)
 .debug_macro   0x0000000000000000       0x8e /home/max/workspace/hackBadge-locm3/libopencm3/lib/libopencm3_stm32f4.a(pwr.o)
 .debug_macro   0x0000000000000000       0x22 /home/max/workspace/hackBadge-locm3/libopencm3/lib/libopencm3_stm32f4.a(pwr.o)

Memory Configuration

Name             Origin             Length             Attributes
rom              0x0000000008000000 0x0000000000100000 xr
ram              0x0000000020000000 0x0000000000020000 xrw
*default*        0x0000000000000000 0xffffffffffffffff

Linker script and memory map

LOAD main.o
LOAD /home/max/workspace/hackBadge-locm3/libopencm3/lib/libopencm3_stm32f4.a
START GROUP
LOAD /usr/bin/../lib/gcc/arm-none-eabi/7.2.1/../../../../arm-none-eabi/lib/thumb/v7e-m/fpv4-sp/hard/libc.a
LOAD /usr/bin/../lib/gcc/arm-none-eabi/7.2.1/thumb/v7e-m/fpv4-sp/hard/libgcc.a
LOAD /usr/bin/../lib/gcc/arm-none-eabi/7.2.1/../../../../arm-none-eabi/lib/thumb/v7e-m/fpv4-sp/hard/libnosys.a
END GROUP
START GROUP
LOAD /usr/bin/../lib/gcc/arm-none-eabi/7.2.1/thumb/v7e-m/fpv4-sp/hard/libgcc.a
LOAD /usr/bin/../lib/gcc/arm-none-eabi/7.2.1/../../../../arm-none-eabi/lib/thumb/v7e-m/fpv4-sp/hard/libc.a
END GROUP

.text           0x0000000008000000      0x63c
 *(.vectors)
 .vectors       0x0000000008000000      0x1ac /home/max/workspace/hackBadge-locm3/libopencm3/lib/libopencm3_stm32f4.a(vector.o)
                0x0000000008000000                vector_table
 *(.text*)
 .text.clock_setup
                0x00000000080001ac       0x1c main.o
 .text.gpio_setup
                0x00000000080001c8       0x1c main.o
 .text.main     0x00000000080001e4       0x44 main.o
                0x00000000080001e4                main
 .text.rcc_is_osc_ready
                0x0000000008000228       0x5c /home/max/workspace/hackBadge-locm3/libopencm3/lib/libopencm3_stm32f4.a(rcc.o)
                0x0000000008000228                rcc_is_osc_ready
 .text.rcc_wait_for_osc_ready
                0x0000000008000284       0x10 /home/max/workspace/hackBadge-locm3/libopencm3/lib/libopencm3_stm32f4.a(rcc.o)
                0x0000000008000284                rcc_wait_for_osc_ready
 .text.rcc_osc_on
                0x0000000008000294       0x58 /home/max/workspace/hackBadge-locm3/libopencm3/lib/libopencm3_stm32f4.a(rcc.o)
                0x0000000008000294                rcc_osc_on
 .text.rcc_osc_off
                0x00000000080002ec       0x58 /home/max/workspace/hackBadge-locm3/libopencm3/lib/libopencm3_stm32f4.a(rcc.o)
                0x00000000080002ec                rcc_osc_off
 .text.rcc_set_sysclk_source
                0x0000000008000344       0x14 /home/max/workspace/hackBadge-locm3/libopencm3/lib/libopencm3_stm32f4.a(rcc.o)
                0x0000000008000344                rcc_set_sysclk_source
 .text.rcc_set_ppre2
                0x0000000008000358       0x14 /home/max/workspace/hackBadge-locm3/libopencm3/lib/libopencm3_stm32f4.a(rcc.o)
                0x0000000008000358                rcc_set_ppre2
 .text.rcc_set_ppre1
                0x000000000800036c       0x14 /home/max/workspace/hackBadge-locm3/libopencm3/lib/libopencm3_stm32f4.a(rcc.o)
                0x000000000800036c                rcc_set_ppre1
 .text.rcc_set_hpre
                0x0000000008000380       0x14 /home/max/workspace/hackBadge-locm3/libopencm3/lib/libopencm3_stm32f4.a(rcc.o)
                0x0000000008000380                rcc_set_hpre
 .text.rcc_set_main_pll_hse
                0x0000000008000394       0x44 /home/max/workspace/hackBadge-locm3/libopencm3/lib/libopencm3_stm32f4.a(rcc.o)
                0x0000000008000394                rcc_set_main_pll_hse
 .text.rcc_clock_setup_hse_3v3
                0x00000000080003d8       0xac /home/max/workspace/hackBadge-locm3/libopencm3/lib/libopencm3_stm32f4.a(rcc.o)
                0x00000000080003d8                rcc_clock_setup_hse_3v3
 .text.gpio_set
                0x0000000008000484        0x4 /home/max/workspace/hackBadge-locm3/libopencm3/lib/libopencm3_stm32f4.a(gpio_common_all.o)
                0x0000000008000484                gpio_set
 .text.gpio_toggle
                0x0000000008000488       0x12 /home/max/workspace/hackBadge-locm3/libopencm3/lib/libopencm3_stm32f4.a(gpio_common_all.o)
                0x0000000008000488                gpio_toggle
 .text.gpio_mode_setup
                0x000000000800049a       0x44 /home/max/workspace/hackBadge-locm3/libopencm3/lib/libopencm3_stm32f4.a(gpio_common_f0234.o)
                0x000000000800049a                gpio_mode_setup
 *fill*         0x00000000080004de        0x2 
 .text.flash_set_ws
                0x00000000080004e0       0x14 /home/max/workspace/hackBadge-locm3/libopencm3/lib/libopencm3_stm32f4.a(flash_common_f234.o)
                0x00000000080004e0                flash_set_ws
 .text.rcc_periph_clock_enable
                0x00000000080004f4       0x1a /home/max/workspace/hackBadge-locm3/libopencm3/lib/libopencm3_stm32f4.a(rcc_common_all.o)
                0x00000000080004f4                rcc_periph_clock_enable
 .text.blocking_handler
                0x000000000800050e        0x2 /home/max/workspace/hackBadge-locm3/libopencm3/lib/libopencm3_stm32f4.a(vector.o)
                0x000000000800050e                dma2_stream1_isr
                0x000000000800050e                tim8_brk_tim12_isr
                0x000000000800050e                dma1_stream7_isr
                0x000000000800050e                usart3_isr
                0x000000000800050e                tim7_isr
                0x000000000800050e                dma2d_isr
                0x000000000800050e                uart8_isr
                0x000000000800050e                dma1_stream2_isr
                0x000000000800050e                otg_hs_isr
                0x000000000800050e                blocking_handler
                0x000000000800050e                tim5_isr
                0x000000000800050e                rtc_wkup_isr
                0x000000000800050e                otg_fs_isr
                0x000000000800050e                spi1_isr
                0x000000000800050e                i2c3_er_isr
                0x000000000800050e                exti2_isr
                0x000000000800050e                spi5_isr
                0x000000000800050e                usb_fs_wkup_isr
                0x000000000800050e                tamp_stamp_isr
                0x000000000800050e                can1_rx1_isr
                0x000000000800050e                dma2_stream0_isr
                0x000000000800050e                usart1_isr
                0x000000000800050e                i2c3_ev_isr
                0x000000000800050e                usage_fault_handler
                0x000000000800050e                can2_rx0_isr
                0x000000000800050e                dma1_stream6_isr
                0x000000000800050e                can2_rx1_isr
                0x000000000800050e                can1_sce_isr
                0x000000000800050e                tim1_cc_isr
                0x000000000800050e                can1_tx_isr
                0x000000000800050e                tim1_up_tim10_isr
                0x000000000800050e                sdio_isr
                0x000000000800050e                eth_isr
                0x000000000800050e                spi6_isr
                0x000000000800050e                dma2_stream5_isr
                0x000000000800050e                pvd_isr
                0x000000000800050e                can1_rx0_isr
                0x000000000800050e                rcc_isr
                0x000000000800050e                dma2_stream3_isr
                0x000000000800050e                flash_isr
                0x000000000800050e                uart4_isr
                0x000000000800050e                lcd_tft_isr
                0x000000000800050e                rtc_alarm_isr
                0x000000000800050e                exti15_10_isr
                0x000000000800050e                hash_rng_isr
                0x000000000800050e                tim1_trg_com_tim11_isr
                0x000000000800050e                hard_fault_handler
                0x000000000800050e                exti1_isr
                0x000000000800050e                i2c1_ev_isr
                0x000000000800050e                usart6_isr
                0x000000000800050e                spi2_isr
                0x000000000800050e                cryp_isr
                0x000000000800050e                nvic_wwdg_isr
                0x000000000800050e                dma1_stream1_isr
                0x000000000800050e                dma2_stream4_isr
                0x000000000800050e                exti3_isr
                0x000000000800050e                tim3_isr
                0x000000000800050e                usart2_isr
                0x000000000800050e                sai1_isr
                0x000000000800050e                fpu_isr
                0x000000000800050e                dma1_stream4_isr
                0x000000000800050e                i2c2_er_isr
                0x000000000800050e                i2c2_ev_isr
                0x000000000800050e                uart5_isr
                0x000000000800050e                dma2_stream6_isr
                0x000000000800050e                spi4_isr
                0x000000000800050e                adc_isr
                0x000000000800050e                dma2_stream7_isr
                0x000000000800050e                tim8_up_tim13_isr
                0x000000000800050e                fsmc_isr
                0x000000000800050e                exti4_isr
                0x000000000800050e                tim6_dac_isr
                0x000000000800050e                dma1_stream3_isr
                0x000000000800050e                tim8_trg_com_tim14_isr
                0x000000000800050e                mem_manage_handler
                0x000000000800050e                lcd_tft_err_isr
                0x000000000800050e                can2_tx_isr
                0x000000000800050e                exti9_5_isr
                0x000000000800050e                tim1_brk_tim9_isr
                0x000000000800050e                uart7_isr
                0x000000000800050e                can2_sce_isr
                0x000000000800050e                tim4_isr
                0x000000000800050e                otg_hs_wkup_isr
                0x000000000800050e                i2c1_er_isr
                0x000000000800050e                dma1_stream0_isr
                0x000000000800050e                tim8_cc_isr
                0x000000000800050e                dcmi_isr
                0x000000000800050e                dma2_stream2_isr
                0x000000000800050e                eth_wkup_isr
                0x000000000800050e                bus_fault_handler
                0x000000000800050e                otg_hs_ep1_out_isr
                0x000000000800050e                spi3_isr
                0x000000000800050e                dma1_stream5_isr
                0x000000000800050e                otg_hs_ep1_in_isr
                0x000000000800050e                tim2_isr
                0x000000000800050e                exti0_isr
 .text.null_handler
                0x0000000008000510        0x2 /home/max/workspace/hackBadge-locm3/libopencm3/lib/libopencm3_stm32f4.a(vector.o)
                0x0000000008000510                null_handler
                0x0000000008000510                sv_call_handler
                0x0000000008000510                pend_sv_handler
                0x0000000008000510                debug_monitor_handler
                0x0000000008000510                sys_tick_handler
                0x0000000008000510                nmi_handler
 *fill*         0x0000000008000512        0x2 
 .text.reset_handler
                0x0000000008000514       0x98 /home/max/workspace/hackBadge-locm3/libopencm3/lib/libopencm3_stm32f4.a(vector.o)
                0x0000000008000514                reset_handler
 .text.pwr_set_vos_scale
                0x00000000080005ac       0x20 /home/max/workspace/hackBadge-locm3/libopencm3/lib/libopencm3_stm32f4.a(pwr.o)
                0x00000000080005ac                pwr_set_vos_scale
                0x00000000080005cc                . = ALIGN (0x4)
 *(.rodata*)
 .rodata.rcc_hse_25mhz_3v3
                0x00000000080005cc       0x70 /home/max/workspace/hackBadge-locm3/libopencm3/lib/libopencm3_stm32f4.a(rcc.o)
                0x00000000080005cc                rcc_hse_25mhz_3v3
                0x000000000800063c                . = ALIGN (0x4)

.glue_7         0x000000000800063c        0x0
 .glue_7        0x000000000800063c        0x0 linker stubs

.glue_7t        0x000000000800063c        0x0
 .glue_7t       0x000000000800063c        0x0 linker stubs

.vfp11_veneer   0x000000000800063c        0x0
 .vfp11_veneer  0x000000000800063c        0x0 linker stubs

.v4_bx          0x000000000800063c        0x0
 .v4_bx         0x000000000800063c        0x0 linker stubs

.iplt           0x000000000800063c        0x0
 .iplt          0x000000000800063c        0x0 main.o

.rel.dyn        0x000000000800063c        0x0
 .rel.iplt      0x000000000800063c        0x0 main.o

.preinit_array  0x000000000800063c        0x0
                0x000000000800063c                . = ALIGN (0x4)
                0x000000000800063c                __preinit_array_start = .
 *(.preinit_array)
                0x000000000800063c                __preinit_array_end = .

.init_array     0x000000000800063c        0x0
                0x000000000800063c                . = ALIGN (0x4)
                0x000000000800063c                __init_array_start = .
 *(SORT_BY_NAME(.init_array.*))
 *(.init_array)
                0x000000000800063c                __init_array_end = .

.fini_array     0x000000000800063c        0x0
                0x000000000800063c                . = ALIGN (0x4)
                0x000000000800063c                __fini_array_start = .
 *(.fini_array)
 *(SORT_BY_NAME(.fini_array.*))
                0x000000000800063c                __fini_array_end = .

.ARM.extab
 *(.ARM.extab*)

.ARM.exidx      0x000000000800063c        0x0
                0x000000000800063c                __exidx_start = .
 *(.ARM.exidx*)
                0x000000000800063c                __exidx_end = .
                0x000000000800063c                . = ALIGN (0x4)
                0x000000000800063c                _etext = .

.data           0x0000000020000000        0xc load address 0x000000000800063c
                0x0000000020000000                _data = .
 *(.data*)
 .data.rcc_ahb_frequency
                0x0000000020000000        0x4 /home/max/workspace/hackBadge-locm3/libopencm3/lib/libopencm3_stm32f4.a(rcc.o)
                0x0000000020000000                rcc_ahb_frequency
 .data.rcc_apb1_frequency
                0x0000000020000004        0x4 /home/max/workspace/hackBadge-locm3/libopencm3/lib/libopencm3_stm32f4.a(rcc.o)
                0x0000000020000004                rcc_apb1_frequency
 .data.rcc_apb2_frequency
                0x0000000020000008        0x4 /home/max/workspace/hackBadge-locm3/libopencm3/lib/libopencm3_stm32f4.a(rcc.o)
                0x0000000020000008                rcc_apb2_frequency
                0x000000002000000c                . = ALIGN (0x4)
                0x000000002000000c                _edata = .
                0x000000000800063c                _data_loadaddr = LOADADDR (.data)

.igot.plt       0x000000002000000c        0x0 load address 0x0000000008000648
 .igot.plt      0x000000002000000c        0x0 main.o

.bss            0x000000002000000c        0x0 load address 0x0000000008000648
 *(.bss*)
 *(COMMON)
                0x000000002000000c                . = ALIGN (0x4)
                0x000000002000000c                _ebss = .

/DISCARD/
 *(.eh_frame)
                0x000000002000000c                . = ALIGN (0x4)
                0x000000002000000c                end = .
                0x0000000020020000                PROVIDE (_stack, (ORIGIN (ram) + LENGTH (ram)))
OUTPUT(1bitsy-example.elf elf32-littlearm)

.debug_info     0x0000000000000000     0x22d3
 .debug_info    0x0000000000000000      0x695 main.o
 .debug_info    0x0000000000000695      0x952 /home/max/workspace/hackBadge-locm3/libopencm3/lib/libopencm3_stm32f4.a(rcc.o)
 .debug_info    0x0000000000000fe7      0x22c /home/max/workspace/hackBadge-locm3/libopencm3/lib/libopencm3_stm32f4.a(gpio_common_all.o)
 .debug_info    0x0000000000001213      0x1eb /home/max/workspace/hackBadge-locm3/libopencm3/lib/libopencm3_stm32f4.a(gpio_common_f0234.o)
 .debug_info    0x00000000000013fe      0x11b /home/max/workspace/hackBadge-locm3/libopencm3/lib/libopencm3_stm32f4.a(flash_common_f234.o)
 .debug_info    0x0000000000001519      0xa40 /home/max/workspace/hackBadge-locm3/libopencm3/lib/libopencm3_stm32f4.a(rcc_common_all.o)
 .debug_info    0x0000000000001f59      0x2b7 /home/max/workspace/hackBadge-locm3/libopencm3/lib/libopencm3_stm32f4.a(vector.o)
 .debug_info    0x0000000000002210       0xc3 /home/max/workspace/hackBadge-locm3/libopencm3/lib/libopencm3_stm32f4.a(pwr.o)

.debug_abbrev   0x0000000000000000      0x87f
 .debug_abbrev  0x0000000000000000       0xe5 main.o
 .debug_abbrev  0x00000000000000e5      0x244 /home/max/workspace/hackBadge-locm3/libopencm3/lib/libopencm3_stm32f4.a(rcc.o)
 .debug_abbrev  0x0000000000000329       0xf4 /home/max/workspace/hackBadge-locm3/libopencm3/lib/libopencm3_stm32f4.a(gpio_common_all.o)
 .debug_abbrev  0x000000000000041d       0xb7 /home/max/workspace/hackBadge-locm3/libopencm3/lib/libopencm3_stm32f4.a(gpio_common_f0234.o)
 .debug_abbrev  0x00000000000004d4       0x88 /home/max/workspace/hackBadge-locm3/libopencm3/lib/libopencm3_stm32f4.a(flash_common_f234.o)
 .debug_abbrev  0x000000000000055c      0x170 /home/max/workspace/hackBadge-locm3/libopencm3/lib/libopencm3_stm32f4.a(rcc_common_all.o)
 .debug_abbrev  0x00000000000006cc      0x136 /home/max/workspace/hackBadge-locm3/libopencm3/lib/libopencm3_stm32f4.a(vector.o)
 .debug_abbrev  0x0000000000000802       0x7d /home/max/workspace/hackBadge-locm3/libopencm3/lib/libopencm3_stm32f4.a(pwr.o)

.debug_aranges  0x0000000000000000      0x298
 .debug_aranges
                0x0000000000000000       0x30 main.o
 .debug_aranges
                0x0000000000000030       0xe0 /home/max/workspace/hackBadge-locm3/libopencm3/lib/libopencm3_stm32f4.a(rcc.o)
 .debug_aranges
                0x0000000000000110       0x50 /home/max/workspace/hackBadge-locm3/libopencm3/lib/libopencm3_stm32f4.a(gpio_common_all.o)
 .debug_aranges
                0x0000000000000160       0x30 /home/max/workspace/hackBadge-locm3/libopencm3/lib/libopencm3_stm32f4.a(gpio_common_f0234.o)
 .debug_aranges
                0x0000000000000190       0x50 /home/max/workspace/hackBadge-locm3/libopencm3/lib/libopencm3_stm32f4.a(flash_common_f234.o)
 .debug_aranges
                0x00000000000001e0       0x68 /home/max/workspace/hackBadge-locm3/libopencm3/lib/libopencm3_stm32f4.a(rcc_common_all.o)
 .debug_aranges
                0x0000000000000248       0x30 /home/max/workspace/hackBadge-locm3/libopencm3/lib/libopencm3_stm32f4.a(vector.o)
 .debug_aranges
                0x0000000000000278       0x20 /home/max/workspace/hackBadge-locm3/libopencm3/lib/libopencm3_stm32f4.a(pwr.o)

.debug_ranges   0x0000000000000000      0x218
 .debug_ranges  0x0000000000000000       0x20 main.o
 .debug_ranges  0x0000000000000020       0xd0 /home/max/workspace/hackBadge-locm3/libopencm3/lib/libopencm3_stm32f4.a(rcc.o)
 .debug_ranges  0x00000000000000f0       0x40 /home/max/workspace/hackBadge-locm3/libopencm3/lib/libopencm3_stm32f4.a(gpio_common_all.o)
 .debug_ranges  0x0000000000000130       0x20 /home/max/workspace/hackBadge-locm3/libopencm3/lib/libopencm3_stm32f4.a(gpio_common_f0234.o)
 .debug_ranges  0x0000000000000150       0x40 /home/max/workspace/hackBadge-locm3/libopencm3/lib/libopencm3_stm32f4.a(flash_common_f234.o)
 .debug_ranges  0x0000000000000190       0x58 /home/max/workspace/hackBadge-locm3/libopencm3/lib/libopencm3_stm32f4.a(rcc_common_all.o)
 .debug_ranges  0x00000000000001e8       0x20 /home/max/workspace/hackBadge-locm3/libopencm3/lib/libopencm3_stm32f4.a(vector.o)
 .debug_ranges  0x0000000000000208       0x10 /home/max/workspace/hackBadge-locm3/libopencm3/lib/libopencm3_stm32f4.a(pwr.o)

.debug_line     0x0000000000000000     0x1694
 .debug_line    0x0000000000000000      0x127 main.o
 .debug_line    0x0000000000000127      0x511 /home/max/workspace/hackBadge-locm3/libopencm3/lib/libopencm3_stm32f4.a(rcc.o)
 .debug_line    0x0000000000000638      0x2da /home/max/workspace/hackBadge-locm3/libopencm3/lib/libopencm3_stm32f4.a(gpio_common_all.o)
 .debug_line    0x0000000000000912      0x2ca /home/max/workspace/hackBadge-locm3/libopencm3/lib/libopencm3_stm32f4.a(gpio_common_f0234.o)
 .debug_line    0x0000000000000bdc      0x2ce /home/max/workspace/hackBadge-locm3/libopencm3/lib/libopencm3_stm32f4.a(flash_common_f234.o)
 .debug_line    0x0000000000000eaa      0x2e3 /home/max/workspace/hackBadge-locm3/libopencm3/lib/libopencm3_stm32f4.a(rcc_common_all.o)
 .debug_line    0x000000000000118d      0x2e2 /home/max/workspace/hackBadge-locm3/libopencm3/lib/libopencm3_stm32f4.a(vector.o)
 .debug_line    0x000000000000146f      0x225 /home/max/workspace/hackBadge-locm3/libopencm3/lib/libopencm3_stm32f4.a(pwr.o)

.debug_str      0x0000000000000000     0xda6b
 .debug_str     0x0000000000000000      0x83d main.o
                                        0x91d (size before relaxing)
 .debug_str     0x000000000000083d     0x8e6f /home/max/workspace/hackBadge-locm3/libopencm3/lib/libopencm3_stm32f4.a(rcc.o)
                                       0x9186 (size before relaxing)
 .debug_str     0x00000000000096ac     0x141f /home/max/workspace/hackBadge-locm3/libopencm3/lib/libopencm3_stm32f4.a(gpio_common_all.o)
                                       0x647d (size before relaxing)
 .debug_str     0x000000000000aacb       0x9a /home/max/workspace/hackBadge-locm3/libopencm3/lib/libopencm3_stm32f4.a(gpio_common_f0234.o)
                                       0x649f (size before relaxing)
 .debug_str     0x000000000000ab65       0x96 /home/max/workspace/hackBadge-locm3/libopencm3/lib/libopencm3_stm32f4.a(flash_common_f234.o)
                                       0x57d8 (size before relaxing)
 .debug_str     0x000000000000abfb      0x420 /home/max/workspace/hackBadge-locm3/libopencm3/lib/libopencm3_stm32f4.a(rcc_common_all.o)
                                       0x8dee (size before relaxing)
 .debug_str     0x000000000000b01b     0x2a4a /home/max/workspace/hackBadge-locm3/libopencm3/lib/libopencm3_stm32f4.a(vector.o)
                                       0x6adf (size before relaxing)
 .debug_str     0x000000000000da65        0x6 /home/max/workspace/hackBadge-locm3/libopencm3/lib/libopencm3_stm32f4.a(pwr.o)
                                       0x53ae (size before relaxing)

.comment        0x0000000000000000       0x7e
 .comment       0x0000000000000000       0x7e main.o
                                         0x7f (size before relaxing)
 .comment       0x000000000000007e       0x7f /home/max/workspace/hackBadge-locm3/libopencm3/lib/libopencm3_stm32f4.a(rcc.o)
 .comment       0x000000000000007e       0x7f /home/max/workspace/hackBadge-locm3/libopencm3/lib/libopencm3_stm32f4.a(gpio_common_all.o)
 .comment       0x000000000000007e       0x7f /home/max/workspace/hackBadge-locm3/libopencm3/lib/libopencm3_stm32f4.a(gpio_common_f0234.o)
 .comment       0x000000000000007e       0x7f /home/max/workspace/hackBadge-locm3/libopencm3/lib/libopencm3_stm32f4.a(flash_common_f234.o)
 .comment       0x000000000000007e       0x7f /home/max/workspace/hackBadge-locm3/libopencm3/lib/libopencm3_stm32f4.a(rcc_common_all.o)
 .comment       0x000000000000007e       0x7f /home/max/workspace/hackBadge-locm3/libopencm3/lib/libopencm3_stm32f4.a(vector.o)
 .comment       0x000000000000007e       0x7f /home/max/workspace/hackBadge-locm3/libopencm3/lib/libopencm3_stm32f4.a(pwr.o)

.ARM.attributes
                0x0000000000000000       0x39
 .ARM.attributes
                0x0000000000000000       0x39 main.o
 .ARM.attributes
                0x0000000000000039       0x39 /home/max/workspace/hackBadge-locm3/libopencm3/lib/libopencm3_stm32f4.a(rcc.o)
 .ARM.attributes
                0x0000000000000072       0x39 /home/max/workspace/hackBadge-locm3/libopencm3/lib/libopencm3_stm32f4.a(gpio_common_all.o)
 .ARM.attributes
                0x00000000000000ab       0x39 /home/max/workspace/hackBadge-locm3/libopencm3/lib/libopencm3_stm32f4.a(gpio_common_f0234.o)
 .ARM.attributes
                0x00000000000000e4       0x39 /home/max/workspace/hackBadge-locm3/libopencm3/lib/libopencm3_stm32f4.a(flash_common_f234.o)
 .ARM.attributes
                0x000000000000011d       0x39 /home/max/workspace/hackBadge-locm3/libopencm3/lib/libopencm3_stm32f4.a(rcc_common_all.o)
 .ARM.attributes
                0x0000000000000156       0x39 /home/max/workspace/hackBadge-locm3/libopencm3/lib/libopencm3_stm32f4.a(vector.o)
 .ARM.attributes
                0x000000000000018f       0x39 /home/max/workspace/hackBadge-locm3/libopencm3/lib/libopencm3_stm32f4.a(pwr.o)

.debug_frame    0x0000000000000000      0x4d0
 .debug_frame   0x0000000000000000       0x68 main.o
 .debug_frame   0x0000000000000068      0x1c8 /home/max/workspace/hackBadge-locm3/libopencm3/lib/libopencm3_stm32f4.a(rcc.o)
 .debug_frame   0x0000000000000230       0x80 /home/max/workspace/hackBadge-locm3/libopencm3/lib/libopencm3_stm32f4.a(gpio_common_all.o)
 .debug_frame   0x00000000000002b0       0x70 /home/max/workspace/hackBadge-locm3/libopencm3/lib/libopencm3_stm32f4.a(gpio_common_f0234.o)
 .debug_frame   0x0000000000000320       0x80 /home/max/workspace/hackBadge-locm3/libopencm3/lib/libopencm3_stm32f4.a(flash_common_f234.o)
 .debug_frame   0x00000000000003a0       0xd0 /home/max/workspace/hackBadge-locm3/libopencm3/lib/libopencm3_stm32f4.a(rcc_common_all.o)
 .debug_frame   0x0000000000000470       0x40 /home/max/workspace/hackBadge-locm3/libopencm3/lib/libopencm3_stm32f4.a(vector.o)
 .debug_frame   0x00000000000004b0       0x20 /home/max/workspace/hackBadge-locm3/libopencm3/lib/libopencm3_stm32f4.a(pwr.o)

.debug_loc      0x0000000000000000      0x97e
 .debug_loc     0x0000000000000000      0x5db /home/max/workspace/hackBadge-locm3/libopencm3/lib/libopencm3_stm32f4.a(rcc.o)
 .debug_loc     0x00000000000005db       0x97 /home/max/workspace/hackBadge-locm3/libopencm3/lib/libopencm3_stm32f4.a(gpio_common_all.o)
 .debug_loc     0x0000000000000672       0xdb /home/max/workspace/hackBadge-locm3/libopencm3/lib/libopencm3_stm32f4.a(gpio_common_f0234.o)
 .debug_loc     0x000000000000074d       0x3f /home/max/workspace/hackBadge-locm3/libopencm3/lib/libopencm3_stm32f4.a(flash_common_f234.o)
 .debug_loc     0x000000000000078c      0x108 /home/max/workspace/hackBadge-locm3/libopencm3/lib/libopencm3_stm32f4.a(rcc_common_all.o)
 .debug_loc     0x0000000000000894       0xea /home/max/workspace/hackBadge-locm3/libopencm3/lib/libopencm3_stm32f4.a(vector.o)

.debug_macro    0x0000000000000000     0x308e
 .debug_macro   0x0000000000000000      0x106 /home/max/workspace/hackBadge-locm3/libopencm3/lib/libopencm3_stm32f4.a(rcc.o)
 .debug_macro   0x0000000000000106      0xa4e /home/max/workspace/hackBadge-locm3/libopencm3/lib/libopencm3_stm32f4.a(rcc.o)
 .debug_macro   0x0000000000000b54       0x22 /home/max/workspace/hackBadge-locm3/libopencm3/lib/libopencm3_stm32f4.a(rcc.o)
 .debug_macro   0x0000000000000b76       0x4f /home/max/workspace/hackBadge-locm3/libopencm3/lib/libopencm3_stm32f4.a(rcc.o)
 .debug_macro   0x0000000000000bc5       0x51 /home/max/workspace/hackBadge-locm3/libopencm3/lib/libopencm3_stm32f4.a(rcc.o)
 .debug_macro   0x0000000000000c16       0xef /home/max/workspace/hackBadge-locm3/libopencm3/lib/libopencm3_stm32f4.a(rcc.o)
 .debug_macro   0x0000000000000d05       0x6a /home/max/workspace/hackBadge-locm3/libopencm3/lib/libopencm3_stm32f4.a(rcc.o)
 .debug_macro   0x0000000000000d6f      0x1df /home/max/workspace/hackBadge-locm3/libopencm3/lib/libopencm3_stm32f4.a(rcc.o)
 .debug_macro   0x0000000000000f4e       0x22 /home/max/workspace/hackBadge-locm3/libopencm3/lib/libopencm3_stm32f4.a(rcc.o)
 .debug_macro   0x0000000000000f70       0xfa /home/max/workspace/hackBadge-locm3/libopencm3/lib/libopencm3_stm32f4.a(rcc.o)
 .debug_macro   0x000000000000106a       0x16 /home/max/workspace/hackBadge-locm3/libopencm3/lib/libopencm3_stm32f4.a(rcc.o)
 .debug_macro   0x0000000000001080       0x58 /home/max/workspace/hackBadge-locm3/libopencm3/lib/libopencm3_stm32f4.a(rcc.o)
 .debug_macro   0x00000000000010d8      0x26d /home/max/workspace/hackBadge-locm3/libopencm3/lib/libopencm3_stm32f4.a(rcc.o)
 .debug_macro   0x0000000000001345      0xb97 /home/max/workspace/hackBadge-locm3/libopencm3/lib/libopencm3_stm32f4.a(rcc.o)
 .debug_macro   0x0000000000001edc       0x8e /home/max/workspace/hackBadge-locm3/libopencm3/lib/libopencm3_stm32f4.a(rcc.o)
 .debug_macro   0x0000000000001f6a       0x22 /home/max/workspace/hackBadge-locm3/libopencm3/lib/libopencm3_stm32f4.a(rcc.o)
 .debug_macro   0x0000000000001f8c       0x6a /home/max/workspace/hackBadge-locm3/libopencm3/lib/libopencm3_stm32f4.a(rcc.o)
 .debug_macro   0x0000000000001ff6       0xf4 /home/max/workspace/hackBadge-locm3/libopencm3/lib/libopencm3_stm32f4.a(rcc.o)
 .debug_macro   0x00000000000020ea       0xd2 /home/max/workspace/hackBadge-locm3/libopencm3/lib/libopencm3_stm32f4.a(gpio_common_all.o)
 .debug_macro   0x00000000000021bc       0x76 /home/max/workspace/hackBadge-locm3/libopencm3/lib/libopencm3_stm32f4.a(gpio_common_all.o)
 .debug_macro   0x0000000000002232      0x2e6 /home/max/workspace/hackBadge-locm3/libopencm3/lib/libopencm3_stm32f4.a(gpio_common_all.o)
 .debug_macro   0x0000000000002518      0x14e /home/max/workspace/hackBadge-locm3/libopencm3/lib/libopencm3_stm32f4.a(gpio_common_all.o)
 .debug_macro   0x0000000000002666       0xd2 /home/max/workspace/hackBadge-locm3/libopencm3/lib/libopencm3_stm32f4.a(gpio_common_f0234.o)
 .debug_macro   0x0000000000002738       0xc3 /home/max/workspace/hackBadge-locm3/libopencm3/lib/libopencm3_stm32f4.a(flash_common_f234.o)
 .debug_macro   0x00000000000027fb       0xcf /home/max/workspace/hackBadge-locm3/libopencm3/lib/libopencm3_stm32f4.a(rcc_common_all.o)
 .debug_macro   0x00000000000028ca       0xd4 /home/max/workspace/hackBadge-locm3/libopencm3/lib/libopencm3_stm32f4.a(vector.o)
 .debug_macro   0x000000000000299e      0x3a1 /home/max/workspace/hackBadge-locm3/libopencm3/lib/libopencm3_stm32f4.a(vector.o)
 .debug_macro   0x0000000000002d3f       0x6a /home/max/workspace/hackBadge-locm3/libopencm3/lib/libopencm3_stm32f4.a(vector.o)
 .debug_macro   0x0000000000002da9      0x22c /home/max/workspace/hackBadge-locm3/libopencm3/lib/libopencm3_stm32f4.a(vector.o)
 .debug_macro   0x0000000000002fd5       0xb9 /home/max/workspace/hackBadge-locm3/libopencm3/lib/libopencm3_stm32f4.a(pwr.o)
